// Jest Snapshot v1, https://goo.gl/fbAQLP

exports[`测试 Test.vue View 1`] = `"<div>className</div>"`;
